2026-09-11 17:16:09 | INFO | ========================================================================
2026-09-11 17:16:09 | INFO | NAVER Food -> Google Sheets v0.3.0
2026-09-11 17:16:09 | INFO | Spreadsheet : 1NlMzEVjsEbXGDILNEuY80RyexElJZRM9572EZpfDBxU
2026-09-11 17:16:09 | INFO | Sheet       : NAVER_FOOD_KEYWORD_RAW
2026-09-11 17:16:09 | INFO | ========================================================================
2026-09-11 17:16:11 | INFO | [AUTO] latest=2026-09-10 | catch-up=2026-09-11 ~ 2026-09-10
2026-09-11 17:16:11 | INFO | [UP-TO-DATE] 최신 적재일=2026-09-10 | D-1=2026-09-10 | 추가 적재 없음
2026-09-11 17:18:01 | INFO | ========================================================================
2026-09-11 17:18:01 | INFO | NAVER Food -> Google Sheets v0.3.0
2026-09-11 17:18:01 | INFO | Spreadsheet : 1NlMzEVjsEbXGDILNEuY80RyexElJZRM9572EZpfDBxU
2026-09-11 17:18:01 | INFO | Sheet       : NAVER_FOOD_KEYWORD_RAW
2026-09-11 17:18:01 | INFO | ========================================================================
2026-09-11 17:18:03 | INFO | [MANUAL] target=2026-09-03 | replace=False
2026-09-11 17:18:03 | INFO | [NAVER] 2026-09-03 TOP 500 수집
2026-09-11 17:18:14 | INFO | [CSV] data\naver_food\NAVER_FOOD_KEYWORD_20260903.csv
2026-09-11 17:18:15 | INFO | [SUCCESS] 2026-09-03 rows=500
2026-09-11 17:18:51 | INFO | ========================================================================
2026-09-11 17:18:51 | INFO | NAVER Food -> Google Sheets v0.3.0
2026-09-11 17:18:51 | INFO | Spreadsheet : 1NlMzEVjsEbXGDILNEuY80RyexElJZRM9572EZpfDBxU
2026-09-11 17:18:51 | INFO | Sheet       : NAVER_FOOD_KEYWORD_RAW
2026-09-11 17:18:51 | INFO | ========================================================================
2026-09-11 17:18:53 | INFO | [MANUAL] target=2026-08-09 | replace=False
2026-09-11 17:18:53 | INFO | [NAVER] 2026-08-09 TOP 500 수집
2026-09-11 17:19:04 | INFO | [CSV] data\naver_food\NAVER_FOOD_KEYWORD_20260809.csv
2026-09-11 17:19:05 | INFO | [SUCCESS] 2026-08-09 rows=500
2026-09-11 17:21:49 | INFO | ========================================================================
2026-09-11 17:21:49 | INFO | NAVER Food -> Google Sheets v0.3.0
2026-09-11 17:21:49 | INFO | Spreadsheet : 1NlMzEVjsEbXGDILNEuY80RyexElJZRM9572EZpfDBxU
2026-09-11 17:21:49 | INFO | Sheet       : NAVER_FOOD_KEYWORD_RAW
2026-09-11 17:21:49 | INFO | ========================================================================
2026-09-11 17:21:51 | INFO | [AUTO] latest=2026-09-10 | catch-up=2026-09-11 ~ 2026-09-10
2026-09-11 17:21:51 | INFO | [UP-TO-DATE] 최신 적재일=2026-09-10 | D-1=2026-09-10 | 추가 적재 없음
2026-09-11 17:30:50 | INFO | ========================================================================
2026-09-11 17:30:50 | INFO | NAVER Food -> Google Sheets v0.3.0
2026-09-11 17:30:50 | INFO | Spreadsheet : 1NlMzEVjsEbXGDILNEuY80RyexElJZRM9572EZpfDBxU
2026-09-11 17:30:50 | INFO | Sheet       : NAVER_FOOD_KEYWORD_RAW
2026-09-11 17:30:50 | INFO | ========================================================================
2026-09-11 17:30:52 | INFO | [MANUAL] target=2026-08-09 | replace=False
2026-09-11 17:30:52 | INFO | [NAVER] 2026-08-09 TOP 500 수집
2026-09-11 17:31:03 | INFO | [CSV] data\naver_food\NAVER_FOOD_KEYWORD_20260809.csv
2026-09-11 17:31:04 | INFO | [SUCCESS] 2026-08-09 rows=500
2026-09-11 17:31:10 | INFO | ========================================================================
2026-09-11 17:31:10 | INFO | NAVER Food -> Google Sheets v0.3.0
2026-09-11 17:31:10 | INFO | Spreadsheet : 1NlMzEVjsEbXGDILNEuY80RyexElJZRM9572EZpfDBxU
2026-09-11 17:31:10 | INFO | Sheet       : NAVER_FOOD_KEYWORD_RAW
2026-09-11 17:31:10 | INFO | ========================================================================
2026-09-11 17:31:12 | INFO | [AUTO] latest=2026-08-09 | catch-up=2026-08-10 ~ 2026-09-10
2026-09-11 17:31:12 | INFO | [CATCH-UP] 32일 적재 예정: 2026-08-10, 2026-08-11, 2026-08-12, 2026-08-13, 2026-08-14, 2026-08-15, 2026-08-16, 2026-08-17, 2026-08-18, 2026-08-19, 2026-08-20, 2026-08-21, 2026-08-22, 2026-08-23, 2026-08-24, 2026-08-25, 2026-08-26, 2026-08-27, 2026-08-28, 2026-08-29, 2026-08-30, 2026-08-31, 2026-09-01, 2026-09-02, 2026-09-03, 2026-09-04, 2026-09-05, 2026-09-06, 2026-09-07, 2026-09-08, 2026-09-09, 2026-09-10
2026-09-11 17:31:12 | INFO | [1/32] 2026-08-10 시작
2026-09-11 17:31:13 | INFO | [NAVER] 2026-08-10 TOP 500 수집
2026-09-11 17:31:24 | INFO | [CSV] data\naver_food\NAVER_FOOD_KEYWORD_20260810.csv
2026-09-11 17:31:24 | INFO | [SUCCESS] 2026-08-10 rows=500
2026-09-11 17:31:24 | INFO | [2/32] 2026-08-11 시작
2026-09-11 17:31:25 | INFO | [NAVER] 2026-08-11 TOP 500 수집
2026-09-11 17:31:36 | INFO | [CSV] data\naver_food\NAVER_FOOD_KEYWORD_20260811.csv
2026-09-11 17:31:37 | INFO | [SUCCESS] 2026-08-11 rows=500
2026-09-11 17:31:37 | INFO | [3/32] 2026-08-12 시작
2026-09-11 17:31:37 | INFO | [NAVER] 2026-08-12 TOP 500 수집
2026-09-11 17:31:48 | INFO | [CSV] data\naver_food\NAVER_FOOD_KEYWORD_20260812.csv
2026-09-11 17:31:49 | INFO | [SUCCESS] 2026-08-12 rows=500
2026-09-11 17:31:49 | INFO | [4/32] 2026-08-13 시작
2026-09-11 17:31:49 | INFO | [NAVER] 2026-08-13 TOP 500 수집
2026-09-11 17:32:05 | INFO | [CSV] data\naver_food\NAVER_FOOD_KEYWORD_20260813.csv
2026-09-11 17:32:05 | INFO | [SUCCESS] 2026-08-13 rows=500
2026-09-11 17:32:05 | INFO | [5/32] 2026-08-14 시작
2026-09-11 17:32:06 | INFO | [NAVER] 2026-08-14 TOP 500 수집
2026-09-11 17:32:17 | INFO | [CSV] data\naver_food\NAVER_FOOD_KEYWORD_20260814.csv
2026-09-11 17:32:18 | INFO | [SUCCESS] 2026-08-14 rows=500
2026-09-11 17:32:18 | INFO | [6/32] 2026-08-15 시작
2026-09-11 17:32:18 | INFO | [NAVER] 2026-08-15 TOP 500 수집
2026-09-11 17:32:29 | INFO | [CSV] data\naver_food\NAVER_FOOD_KEYWORD_20260815.csv
2026-09-11 17:32:30 | INFO | [SUCCESS] 2026-08-15 rows=500
2026-09-11 17:32:30 | INFO | [7/32] 2026-08-16 시작
2026-09-11 17:32:30 | INFO | [NAVER] 2026-08-16 TOP 500 수집
2026-09-11 17:32:42 | INFO | [CSV] data\naver_food\NAVER_FOOD_KEYWORD_20260816.csv
2026-09-11 17:32:42 | INFO | [SUCCESS] 2026-08-16 rows=500
2026-09-11 17:32:42 | INFO | [8/32] 2026-08-17 시작
2026-09-11 17:32:43 | INFO | [NAVER] 2026-08-17 TOP 500 수집
2026-09-11 17:32:54 | INFO | [CSV] data\naver_food\NAVER_FOOD_KEYWORD_20260817.csv
2026-09-11 17:32:54 | INFO | [SUCCESS] 2026-08-17 rows=500
2026-09-11 17:32:54 | INFO | [9/32] 2026-08-18 시작
2026-09-11 17:32:55 | INFO | [NAVER] 2026-08-18 TOP 500 수집
2026-09-11 17:33:06 | INFO | [CSV] data\naver_food\NAVER_FOOD_KEYWORD_20260818.csv
2026-09-11 17:33:06 | INFO | [SUCCESS] 2026-08-18 rows=500
2026-09-11 17:33:06 | INFO | [10/32] 2026-08-19 시작
2026-09-11 17:33:06 | INFO | [NAVER] 2026-08-19 TOP 500 수집
2026-09-11 17:33:17 | INFO | [CSV] data\naver_food\NAVER_FOOD_KEYWORD_20260819.csv
2026-09-11 17:33:18 | INFO | [SUCCESS] 2026-08-19 rows=500
2026-09-11 17:33:18 | INFO | [11/32] 2026-08-20 시작
2026-09-11 17:33:18 | INFO | [NAVER] 2026-08-20 TOP 500 수집
2026-09-11 17:33:30 | INFO | [CSV] data\naver_food\NAVER_FOOD_KEYWORD_20260820.csv
2026-09-11 17:33:31 | INFO | [SUCCESS] 2026-08-20 rows=500
2026-09-11 17:33:31 | INFO | [12/32] 2026-08-21 시작
2026-09-11 17:33:31 | INFO | [NAVER] 2026-08-21 TOP 500 수집
2026-09-11 17:33:43 | INFO | [CSV] data\naver_food\NAVER_FOOD_KEYWORD_20260821.csv
2026-09-11 17:33:44 | INFO | [SUCCESS] 2026-08-21 rows=500
2026-09-11 17:33:44 | INFO | [13/32] 2026-08-22 시작
2026-09-11 17:33:44 | INFO | [NAVER] 2026-08-22 TOP 500 수집
2026-09-11 17:33:56 | INFO | [CSV] data\naver_food\NAVER_FOOD_KEYWORD_20260822.csv
2026-09-11 17:33:56 | INFO | [SUCCESS] 2026-08-22 rows=500
2026-09-11 17:33:56 | INFO | [14/32] 2026-08-23 시작
2026-09-11 17:33:56 | INFO | [NAVER] 2026-08-23 TOP 500 수집
2026-09-11 17:34:08 | INFO | [CSV] data\naver_food\NAVER_FOOD_KEYWORD_20260823.csv
2026-09-11 17:34:08 | INFO | [SUCCESS] 2026-08-23 rows=500
2026-09-11 17:34:08 | INFO | [15/32] 2026-08-24 시작
2026-09-11 17:34:08 | INFO | [NAVER] 2026-08-24 TOP 500 수집
2026-09-11 17:34:20 | INFO | [CSV] data\naver_food\NAVER_FOOD_KEYWORD_20260824.csv
2026-09-11 17:34:21 | INFO | [SUCCESS] 2026-08-24 rows=500
2026-09-11 17:34:21 | INFO | [16/32] 2026-08-25 시작
2026-09-11 17:34:21 | INFO | [NAVER] 2026-08-25 TOP 500 수집
2026-09-11 17:34:33 | INFO | [CSV] data\naver_food\NAVER_FOOD_KEYWORD_20260825.csv
2026-09-11 17:34:34 | INFO | [SUCCESS] 2026-08-25 rows=500
2026-09-11 17:34:34 | INFO | [17/32] 2026-08-26 시작
2026-09-11 17:34:34 | INFO | [NAVER] 2026-08-26 TOP 500 수집
2026-09-11 17:34:46 | INFO | [CSV] data\naver_food\NAVER_FOOD_KEYWORD_20260826.csv
2026-09-11 17:34:46 | INFO | [SUCCESS] 2026-08-26 rows=500
2026-09-11 17:34:46 | INFO | [18/32] 2026-08-27 시작
2026-09-11 17:34:47 | INFO | [NAVER] 2026-08-27 TOP 500 수집
2026-09-11 17:34:58 | INFO | [CSV] data\naver_food\NAVER_FOOD_KEYWORD_20260827.csv
2026-09-11 17:34:59 | INFO | [SUCCESS] 2026-08-27 rows=500
2026-09-11 17:34:59 | INFO | [19/32] 2026-08-28 시작
2026-09-11 17:34:59 | INFO | [NAVER] 2026-08-28 TOP 500 수집
2026-09-11 17:35:11 | INFO | [CSV] data\naver_food\NAVER_FOOD_KEYWORD_20260828.csv
2026-09-11 17:35:11 | INFO | [SUCCESS] 2026-08-28 rows=500
2026-09-11 17:35:11 | INFO | [20/32] 2026-08-29 시작
2026-09-11 17:35:12 | INFO | [NAVER] 2026-08-29 TOP 500 수집
2026-09-11 17:35:23 | INFO | [CSV] data\naver_food\NAVER_FOOD_KEYWORD_20260829.csv
2026-09-11 17:35:23 | INFO | [SUCCESS] 2026-08-29 rows=500
2026-09-11 17:35:23 | INFO | [21/32] 2026-08-30 시작
2026-09-11 17:35:24 | INFO | [NAVER] 2026-08-30 TOP 500 수집
2026-09-11 17:35:35 | INFO | [CSV] data\naver_food\NAVER_FOOD_KEYWORD_20260830.csv
2026-09-11 17:35:35 | INFO | [SUCCESS] 2026-08-30 rows=500
2026-09-11 17:35:35 | INFO | [22/32] 2026-08-31 시작
2026-09-11 17:35:36 | INFO | [NAVER] 2026-08-31 TOP 500 수집
2026-09-11 17:35:47 | INFO | [CSV] data\naver_food\NAVER_FOOD_KEYWORD_20260831.csv
2026-09-11 17:35:47 | INFO | [SUCCESS] 2026-08-31 rows=500
2026-09-11 17:35:47 | INFO | [23/32] 2026-09-01 시작
2026-09-11 17:35:48 | INFO | [NAVER] 2026-09-01 TOP 500 수집
2026-09-11 17:35:59 | INFO | [CSV] data\naver_food\NAVER_FOOD_KEYWORD_20260901.csv
2026-09-11 17:35:59 | INFO | [SUCCESS] 2026-09-01 rows=500
2026-09-11 17:35:59 | INFO | [24/32] 2026-09-02 시작
2026-09-11 17:35:59 | INFO | [NAVER] 2026-09-02 TOP 500 수집
2026-09-11 17:36:11 | INFO | [CSV] data\naver_food\NAVER_FOOD_KEYWORD_20260902.csv
2026-09-11 17:36:12 | INFO | [SUCCESS] 2026-09-02 rows=500
2026-09-11 17:36:12 | INFO | [25/32] 2026-09-03 시작
2026-09-11 17:36:12 | INFO | [NAVER] 2026-09-03 TOP 500 수집
2026-09-11 17:36:23 | INFO | [CSV] data\naver_food\NAVER_FOOD_KEYWORD_20260903.csv
2026-09-11 17:36:23 | INFO | [SUCCESS] 2026-09-03 rows=500
2026-09-11 17:36:23 | INFO | [26/32] 2026-09-04 시작
2026-09-11 17:36:24 | INFO | [NAVER] 2026-09-04 TOP 500 수집
2026-09-11 17:36:35 | INFO | [CSV] data\naver_food\NAVER_FOOD_KEYWORD_20260904.csv
2026-09-11 17:36:36 | INFO | [SUCCESS] 2026-09-04 rows=500
2026-09-11 17:36:36 | INFO | [27/32] 2026-09-05 시작
2026-09-11 17:36:36 | INFO | [NAVER] 2026-09-05 TOP 500 수집
2026-09-11 17:36:47 | INFO | [CSV] data\naver_food\NAVER_FOOD_KEYWORD_20260905.csv
2026-09-11 17:36:47 | INFO | [SUCCESS] 2026-09-05 rows=500
2026-09-11 17:36:47 | INFO | [28/32] 2026-09-06 시작
2026-09-11 17:36:48 | INFO | [NAVER] 2026-09-06 TOP 500 수집
2026-09-11 17:36:59 | INFO | [CSV] data\naver_food\NAVER_FOOD_KEYWORD_20260906.csv
2026-09-11 17:36:59 | INFO | [SUCCESS] 2026-09-06 rows=500
2026-09-11 17:36:59 | INFO | [29/32] 2026-09-07 시작
2026-09-11 17:37:00 | INFO | [NAVER] 2026-09-07 TOP 500 수집
2026-09-11 17:37:11 | INFO | [CSV] data\naver_food\NAVER_FOOD_KEYWORD_20260907.csv
2026-09-11 17:37:11 | INFO | [SUCCESS] 2026-09-07 rows=500
2026-09-11 17:37:11 | INFO | [30/32] 2026-09-08 시작
2026-09-11 17:37:12 | INFO | [NAVER] 2026-09-08 TOP 500 수집
2026-09-11 17:37:23 | INFO | [CSV] data\naver_food\NAVER_FOOD_KEYWORD_20260908.csv
2026-09-11 17:37:23 | INFO | [SUCCESS] 2026-09-08 rows=500
2026-09-11 17:37:23 | INFO | [31/32] 2026-09-09 시작
2026-09-11 17:37:23 | INFO | [NAVER] 2026-09-09 TOP 500 수집
2026-09-11 17:37:34 | INFO | [CSV] data\naver_food\NAVER_FOOD_KEYWORD_20260909.csv
2026-09-11 17:37:35 | INFO | [SUCCESS] 2026-09-09 rows=500
2026-09-11 17:37:35 | INFO | [32/32] 2026-09-10 시작
2026-09-11 17:37:35 | INFO | [NAVER] 2026-09-10 TOP 500 수집
2026-09-11 17:37:46 | INFO | [CSV] data\naver_food\NAVER_FOOD_KEYWORD_20260910.csv
2026-09-11 17:37:47 | INFO | [SUCCESS] 2026-09-10 rows=500
2026-09-11 17:37:47 | INFO | [CATCH-UP COMPLETE] requested=32 | success=32
2026-09-14 09:07:17 | INFO | ========================================================================
2026-09-14 09:07:17 | INFO | NAVER Food -> Google Sheets v0.3.1
2026-09-14 09:07:17 | INFO | Spreadsheet : 1NlMzEVjsEbXGDILNEuY80RyexElJZRM9572EZpfDBxU
2026-09-14 09:07:17 | INFO | Sheet       : NAVER_FOOD_KEYWORD_RAW
2026-09-14 09:07:17 | INFO | ========================================================================
2026-09-14 09:07:21 | INFO | [AUTO] latest=2026-09-10 | catch-up=2026-09-11 ~ 2026-09-13
2026-09-14 09:07:21 | INFO | [CATCH-UP] 3일 적재 예정: 2026-09-11, 2026-09-12, 2026-09-13
2026-09-14 09:07:21 | INFO | [1/3] 2026-09-11 시작
2026-09-14 09:07:21 | INFO | [NAVER] 2026-09-11 TOP 500 수집
2026-09-14 09:07:35 | INFO | [SUCCESS] 2026-09-11 rows=500
2026-09-14 09:07:35 | INFO | [2/3] 2026-09-12 시작
2026-09-14 09:07:35 | INFO | [NAVER] 2026-09-12 TOP 500 수집
2026-09-14 09:07:48 | INFO | [SUCCESS] 2026-09-12 rows=500
2026-09-14 09:07:48 | INFO | [3/3] 2026-09-13 시작
2026-09-14 09:07:48 | INFO | [NAVER] 2026-09-13 TOP 500 수집
2026-09-14 09:07:49 | ERROR | [FAILED]
Traceback (most recent call last):
  File "C:\Users\GFuser\Microsoft VS Code\workspace\greating-search\src\naver_food_to_sheets.py", line 516, in main
    run_catchup()
    ~~~~~~~~~~~^^
  File "C:\Users\GFuser\Microsoft VS Code\workspace\greating-search\src\naver_food_to_sheets.py", line 439, in run_catchup
    result = _collect_and_upload_one(
        service=service,
    ...<2 lines>...
        replace=False,
    )
  File "C:\Users\GFuser\Microsoft VS Code\workspace\greating-search\src\naver_food_to_sheets.py", line 353, in _collect_and_upload_one
    df = fetch_food_keyword_rank(target_date=target_date)
  File "C:\Users\GFuser\Microsoft VS Code\workspace\greating-search\src\naver_food_rank.py", line 104, in fetch_food_keyword_rank
    raise RuntimeError(
    ...<3 lines>...
    )
RuntimeError: No ranking data returned for 2026-09-13. 해당 날짜 데이터가 아직 제공되지 않았거나 NAVER DataLab 응답 구조가 변경되었을 수 있습니다.
2026-09-14 09:12:21 | INFO | ========================================================================
2026-09-14 09:12:21 | INFO | NAVER Food -> Google Sheets v0.3.2
2026-09-14 09:12:21 | INFO | Spreadsheet : 1NlMzEVjsEbXGDILNEuY80RyexElJZRM9572EZpfDBxU
2026-09-14 09:12:21 | INFO | Sheet       : NAVER_FOOD_KEYWORD_RAW
2026-09-14 09:12:21 | INFO | ========================================================================
2026-09-14 09:12:25 | INFO | [AUTO] latest=2026-09-12 | catch-up=2026-09-13 ~ 2026-09-13
2026-09-14 09:12:25 | INFO | [CATCH-UP] 1일 적재 예정: 2026-09-13
2026-09-14 09:12:25 | INFO | [1/1] 2026-09-13 시작
2026-09-14 09:12:26 | INFO | [NAVER] 2026-09-13 TOP 500 수집
2026-09-14 09:12:27 | WARNING | [WAIT] 네이버 데이터랩이 아직 업데이트되지 않았습니다. target_date=2026-09-13
2026-09-14 09:12:27 | INFO | [CATCH-UP STOP] 2026-09-13 이후 데이터는 다음 실행에서 다시 확인합니다.
2026-09-14 09:16:12 | INFO | ========================================================================
2026-09-14 09:16:12 | INFO | NAVER Food -> Google Sheets v0.3.2
2026-09-14 09:16:12 | INFO | Spreadsheet : 1NlMzEVjsEbXGDILNEuY80RyexElJZRM9572EZpfDBxU
2026-09-14 09:16:12 | INFO | Sheet       : NAVER_FOOD_KEYWORD_RAW
2026-09-14 09:16:12 | INFO | ========================================================================
2026-09-14 09:16:14 | INFO | [MANUAL] target=2025-09-12 | replace=False
2026-09-14 09:16:14 | INFO | [NAVER] 2025-09-12 TOP 500 수집
2026-09-14 09:16:27 | INFO | [SUCCESS] 2025-09-12 rows=500
2026-09-14 09:29:33 | INFO | ========================================================================
2026-09-14 09:29:33 | INFO | NAVER Food -> Yearly Google Sheets v0.4.0
2026-09-14 09:29:35 | INFO | Configured years : [2026]
2026-09-14 09:29:35 | INFO | Sheet            : NAVER_FOOD_KEYWORD_RAW
2026-09-14 09:29:35 | INFO | ========================================================================
2026-09-14 09:29:36 | INFO | [AUTO] latest=2026-09-12 | catch-up=2026-09-13 ~ 2026-09-13
2026-09-14 09:29:36 | INFO | [CATCH-UP] 1일 적재 예정: 2026-09-13
2026-09-14 09:29:36 | INFO | [1/1] 2026-09-13 시작
2026-09-14 09:29:37 | INFO | [TARGET] 2026-09-13 -> NAVER_SEARCH_2026
2026-09-14 09:29:38 | INFO | [NAVER] 2026-09-13 TOP 500 수집
2026-09-14 09:29:38 | WARNING | [WAIT] 네이버 데이터랩이 아직 업데이트되지 않았습니다. target_date=2026-09-13
2026-09-14 09:29:38 | INFO | [CATCH-UP STOP] 2026-09-13 이후 데이터는 다음 실행에서 다시 확인합니다.
2026-09-14 09:31:17 | INFO | ========================================================================
2026-09-14 09:31:17 | INFO | NAVER Food -> Yearly Google Sheets v0.4.0
2026-09-14 09:31:18 | INFO | Configured years : [2025, 2026, 2027]
2026-09-14 09:31:18 | INFO | Sheet            : NAVER_FOOD_KEYWORD_RAW
2026-09-14 09:31:18 | INFO | ========================================================================
2026-09-14 09:31:21 | INFO | [AUTO] latest=2026-09-12 | catch-up=2026-09-13 ~ 2026-09-13
2026-09-14 09:31:21 | INFO | [CATCH-UP] 1일 적재 예정: 2026-09-13
2026-09-14 09:31:21 | INFO | [1/1] 2026-09-13 시작
2026-09-14 09:31:22 | INFO | [TARGET] 2026-09-13 -> NAVER_SEARCH_2026
2026-09-14 09:31:22 | INFO | [NAVER] 2026-09-13 TOP 500 수집
2026-09-14 09:31:23 | WARNING | [WAIT] 네이버 데이터랩이 아직 업데이트되지 않았습니다. target_date=2026-09-13
2026-09-14 09:31:23 | INFO | [CATCH-UP STOP] 2026-09-13 이후 데이터는 다음 실행에서 다시 확인합니다.
2026-09-14 09:59:12 | INFO | ========================================================================
2026-09-14 09:59:12 | INFO | NAVER Food -> Yearly Google Sheets v0.4.0
2026-09-14 09:59:13 | INFO | Configured years : [2025, 2026, 2027]
2026-09-14 09:59:13 | INFO | Sheet            : NAVER_FOOD_KEYWORD_RAW
2026-09-14 09:59:13 | INFO | ========================================================================
2026-09-14 09:59:14 | INFO | [MANUAL] target=2025-09-12 | replace=False
2026-09-14 09:59:16 | INFO | [SHEETS] created sheet: NAVER_FOOD_KEYWORD_RAW
2026-09-14 09:59:17 | INFO | [SHEETS] header created/updated
2026-09-14 09:59:17 | INFO | [TARGET] 2025-09-12 -> NAVER_SEARCH_2025
2026-09-14 09:59:17 | INFO | [NAVER] 2025-09-12 TOP 500 수집
2026-09-14 09:59:30 | INFO | [SUCCESS] 2025-09-12 rows=500 | year=2025
2026-09-14 10:17:42 | INFO | ========================================================================
2026-09-14 10:17:42 | INFO | NAVER Food -> Yearly Google Sheets v0.4.0
2026-09-14 10:17:43 | INFO | Configured years : [2025, 2026, 2027]
2026-09-14 10:17:43 | INFO | Sheet            : NAVER_FOOD_KEYWORD_RAW
2026-09-14 10:17:43 | INFO | ========================================================================
2026-09-14 10:17:43 | INFO | [MANUAL] target=2025-09-01 | replace=False
2026-09-14 10:17:45 | INFO | [TARGET] 2025-09-01 -> NAVER_SEARCH_2025
2026-09-14 10:17:45 | INFO | [NAVER] 2025-09-01 TOP 500 수집
2026-09-14 10:17:57 | INFO | [SUCCESS] 2025-09-01 rows=500 | year=2025
2026-09-14 10:17:59 | INFO | ========================================================================
2026-09-14 10:17:59 | INFO | NAVER Food -> Yearly Google Sheets v0.4.0
2026-09-14 10:18:01 | INFO | Configured years : [2025, 2026, 2027]
2026-09-14 10:18:01 | INFO | Sheet            : NAVER_FOOD_KEYWORD_RAW
2026-09-14 10:18:01 | INFO | ========================================================================
2026-09-14 10:18:01 | INFO | [MANUAL] target=2025-09-02 | replace=False
2026-09-14 10:18:03 | INFO | [TARGET] 2025-09-02 -> NAVER_SEARCH_2025
2026-09-14 10:18:03 | INFO | [NAVER] 2025-09-02 TOP 500 수집
2026-09-14 10:18:17 | INFO | [SUCCESS] 2025-09-02 rows=500 | year=2025
2026-09-14 10:18:19 | INFO | ========================================================================
2026-09-14 10:18:19 | INFO | NAVER Food -> Yearly Google Sheets v0.4.0
2026-09-14 10:18:20 | INFO | Configured years : [2025, 2026, 2027]
2026-09-14 10:18:20 | INFO | Sheet            : NAVER_FOOD_KEYWORD_RAW
2026-09-14 10:18:20 | INFO | ========================================================================
2026-09-14 10:18:22 | INFO | [MANUAL] target=2025-09-03 | replace=False
2026-09-14 10:18:24 | INFO | [TARGET] 2025-09-03 -> NAVER_SEARCH_2025
2026-09-14 10:18:24 | INFO | [NAVER] 2025-09-03 TOP 500 수집
2026-09-14 10:18:42 | INFO | [SUCCESS] 2025-09-03 rows=500 | year=2025
2026-09-14 10:18:44 | INFO | ========================================================================
2026-09-14 10:18:44 | INFO | NAVER Food -> Yearly Google Sheets v0.4.0
2026-09-14 10:18:45 | INFO | Configured years : [2025, 2026, 2027]
2026-09-14 10:18:45 | INFO | Sheet            : NAVER_FOOD_KEYWORD_RAW
2026-09-14 10:18:45 | INFO | ========================================================================
2026-09-14 10:18:46 | INFO | [MANUAL] target=2025-09-04 | replace=False
2026-09-14 10:18:48 | INFO | [TARGET] 2025-09-04 -> NAVER_SEARCH_2025
2026-09-14 10:18:49 | INFO | [NAVER] 2025-09-04 TOP 500 수집
2026-09-14 10:19:04 | INFO | [SUCCESS] 2025-09-04 rows=500 | year=2025
2026-09-14 10:19:06 | INFO | ========================================================================
2026-09-14 10:19:06 | INFO | NAVER Food -> Yearly Google Sheets v0.4.0
2026-09-14 10:19:07 | INFO | Configured years : [2025, 2026, 2027]
2026-09-14 10:19:07 | INFO | Sheet            : NAVER_FOOD_KEYWORD_RAW
2026-09-14 10:19:07 | INFO | ========================================================================
2026-09-14 10:19:09 | INFO | [MANUAL] target=2025-09-05 | replace=False
2026-09-14 10:19:11 | INFO | [TARGET] 2025-09-05 -> NAVER_SEARCH_2025
2026-09-14 10:19:11 | INFO | [NAVER] 2025-09-05 TOP 500 수집
2026-09-14 10:19:25 | INFO | [SUCCESS] 2025-09-05 rows=500 | year=2025
2026-09-14 10:19:26 | INFO | ========================================================================
2026-09-14 10:19:26 | INFO | NAVER Food -> Yearly Google Sheets v0.4.0
2026-09-14 10:19:28 | INFO | Configured years : [2025, 2026, 2027]
2026-09-14 10:19:28 | INFO | Sheet            : NAVER_FOOD_KEYWORD_RAW
2026-09-14 10:19:28 | INFO | ========================================================================
2026-09-14 10:19:28 | INFO | [MANUAL] target=2025-09-06 | replace=False
2026-09-14 10:19:30 | INFO | [TARGET] 2025-09-06 -> NAVER_SEARCH_2025
2026-09-14 10:19:31 | INFO | [NAVER] 2025-09-06 TOP 500 수집
2026-09-14 10:19:44 | INFO | [SUCCESS] 2025-09-06 rows=500 | year=2025
2026-09-14 10:19:45 | INFO | ========================================================================
2026-09-14 10:19:45 | INFO | NAVER Food -> Yearly Google Sheets v0.4.0
2026-09-14 10:19:46 | INFO | Configured years : [2025, 2026, 2027]
2026-09-14 10:19:46 | INFO | Sheet            : NAVER_FOOD_KEYWORD_RAW
2026-09-14 10:19:46 | INFO | ========================================================================
2026-09-14 10:19:47 | INFO | [MANUAL] target=2025-09-07 | replace=False
2026-09-14 10:19:50 | INFO | [TARGET] 2025-09-07 -> NAVER_SEARCH_2025
2026-09-14 10:19:50 | INFO | [NAVER] 2025-09-07 TOP 500 수집
2026-09-14 10:20:03 | INFO | [SUCCESS] 2025-09-07 rows=500 | year=2025
2026-09-14 10:20:05 | INFO | ========================================================================
2026-09-14 10:20:05 | INFO | NAVER Food -> Yearly Google Sheets v0.4.0
2026-09-14 10:20:06 | INFO | Configured years : [2025, 2026, 2027]
2026-09-14 10:20:06 | INFO | Sheet            : NAVER_FOOD_KEYWORD_RAW
2026-09-14 10:20:06 | INFO | ========================================================================
2026-09-14 10:20:07 | INFO | [MANUAL] target=2025-09-08 | replace=False
2026-09-14 10:20:09 | INFO | [TARGET] 2025-09-08 -> NAVER_SEARCH_2025
2026-09-14 10:20:10 | INFO | [NAVER] 2025-09-08 TOP 500 수집
2026-09-14 10:20:23 | INFO | [SUCCESS] 2025-09-08 rows=500 | year=2025
2026-09-14 10:20:25 | INFO | ========================================================================
2026-09-14 10:20:25 | INFO | NAVER Food -> Yearly Google Sheets v0.4.0
2026-09-14 10:20:27 | INFO | Configured years : [2025, 2026, 2027]
2026-09-14 10:20:27 | INFO | Sheet            : NAVER_FOOD_KEYWORD_RAW
2026-09-14 10:20:27 | INFO | ========================================================================
2026-09-14 10:20:27 | INFO | [MANUAL] target=2025-09-09 | replace=False
2026-09-14 10:20:30 | INFO | [TARGET] 2025-09-09 -> NAVER_SEARCH_2025
2026-09-14 10:20:30 | INFO | [NAVER] 2025-09-09 TOP 500 수집
2026-09-14 10:20:42 | INFO | [SUCCESS] 2025-09-09 rows=500 | year=2025
2026-09-14 10:20:45 | INFO | ========================================================================
2026-09-14 10:20:45 | INFO | NAVER Food -> Yearly Google Sheets v0.4.0
2026-09-14 10:20:46 | INFO | Configured years : [2025, 2026, 2027]
2026-09-14 10:20:46 | INFO | Sheet            : NAVER_FOOD_KEYWORD_RAW
2026-09-14 10:20:46 | INFO | ========================================================================
2026-09-14 10:20:46 | INFO | [MANUAL] target=2025-09-10 | replace=False
2026-09-14 10:20:49 | INFO | [TARGET] 2025-09-10 -> NAVER_SEARCH_2025
2026-09-14 10:20:49 | INFO | [NAVER] 2025-09-10 TOP 500 수집
2026-09-14 10:21:02 | INFO | [SUCCESS] 2025-09-10 rows=500 | year=2025
2026-09-14 10:21:04 | INFO | ========================================================================
2026-09-14 10:21:04 | INFO | NAVER Food -> Yearly Google Sheets v0.4.0
2026-09-14 10:21:05 | INFO | Configured years : [2025, 2026, 2027]
2026-09-14 10:21:05 | INFO | Sheet            : NAVER_FOOD_KEYWORD_RAW
2026-09-14 10:21:05 | INFO | ========================================================================
2026-09-14 10:21:06 | INFO | [MANUAL] target=2025-09-11 | replace=False
2026-09-14 10:21:09 | INFO | [TARGET] 2025-09-11 -> NAVER_SEARCH_2025
2026-09-14 10:21:09 | INFO | [NAVER] 2025-09-11 TOP 500 수집
2026-09-14 10:21:22 | INFO | [SUCCESS] 2025-09-11 rows=500 | year=2025
2026-09-14 10:21:24 | INFO | ========================================================================
2026-09-14 10:21:24 | INFO | NAVER Food -> Yearly Google Sheets v0.4.0
2026-09-14 10:21:25 | INFO | Configured years : [2025, 2026, 2027]
2026-09-14 10:21:25 | INFO | Sheet            : NAVER_FOOD_KEYWORD_RAW
2026-09-14 10:21:25 | INFO | ========================================================================
2026-09-14 10:21:26 | INFO | [MANUAL] target=2025-09-12 | replace=False
2026-09-14 10:21:28 | INFO | [TARGET] 2025-09-12 -> NAVER_SEARCH_2025
2026-09-14 10:21:28 | INFO | [SKIP] 2025-09-12 데이터가 이미 500행 존재합니다.
2026-09-14 10:21:31 | INFO | ========================================================================
2026-09-14 10:21:31 | INFO | NAVER Food -> Yearly Google Sheets v0.4.0
2026-09-14 10:21:32 | INFO | Configured years : [2025, 2026, 2027]
2026-09-14 10:21:32 | INFO | Sheet            : NAVER_FOOD_KEYWORD_RAW
2026-09-14 10:21:32 | INFO | ========================================================================
2026-09-14 10:21:33 | INFO | [MANUAL] target=2025-09-13 | replace=False
2026-09-14 10:21:35 | INFO | [TARGET] 2025-09-13 -> NAVER_SEARCH_2025
2026-09-14 10:21:35 | INFO | [NAVER] 2025-09-13 TOP 500 수집
2026-09-14 10:21:48 | INFO | [SUCCESS] 2025-09-13 rows=500 | year=2025
2026-09-14 10:21:50 | INFO | ========================================================================
2026-09-14 10:21:50 | INFO | NAVER Food -> Yearly Google Sheets v0.4.0
2026-09-14 10:21:51 | INFO | Configured years : [2025, 2026, 2027]
2026-09-14 10:21:51 | INFO | Sheet            : NAVER_FOOD_KEYWORD_RAW
2026-09-14 10:21:51 | INFO | ========================================================================
2026-09-14 10:21:52 | INFO | [MANUAL] target=2025-09-14 | replace=False
2026-09-14 10:21:55 | INFO | [TARGET] 2025-09-14 -> NAVER_SEARCH_2025
2026-09-14 10:21:55 | INFO | [NAVER] 2025-09-14 TOP 500 수집
2026-09-14 10:22:09 | INFO | [SUCCESS] 2025-09-14 rows=500 | year=2025
2026-09-14 10:22:11 | INFO | ========================================================================
2026-09-14 10:22:11 | INFO | NAVER Food -> Yearly Google Sheets v0.4.0
2026-09-14 10:22:12 | INFO | Configured years : [2025, 2026, 2027]
2026-09-14 10:22:12 | INFO | Sheet            : NAVER_FOOD_KEYWORD_RAW
2026-09-14 10:22:12 | INFO | ========================================================================
2026-09-14 10:22:12 | INFO | [MANUAL] target=2025-09-15 | replace=False
2026-09-14 10:22:15 | INFO | [TARGET] 2025-09-15 -> NAVER_SEARCH_2025
2026-09-14 10:22:15 | INFO | [NAVER] 2025-09-15 TOP 500 수집
2026-09-14 10:22:28 | INFO | [SUCCESS] 2025-09-15 rows=500 | year=2025
2026-09-14 10:22:30 | INFO | ========================================================================
2026-09-14 10:22:30 | INFO | NAVER Food -> Yearly Google Sheets v0.4.0
2026-09-14 10:22:31 | INFO | Configured years : [2025, 2026, 2027]
2026-09-14 10:22:31 | INFO | Sheet            : NAVER_FOOD_KEYWORD_RAW
2026-09-14 10:22:31 | INFO | ========================================================================
2026-09-14 10:22:32 | INFO | [MANUAL] target=2025-09-16 | replace=False
2026-09-14 10:22:34 | INFO | [TARGET] 2025-09-16 -> NAVER_SEARCH_2025
2026-09-14 10:22:35 | INFO | [NAVER] 2025-09-16 TOP 500 수집
2026-09-14 10:22:48 | INFO | [SUCCESS] 2025-09-16 rows=500 | year=2025
2026-09-14 10:22:50 | INFO | ========================================================================
2026-09-14 10:22:50 | INFO | NAVER Food -> Yearly Google Sheets v0.4.0
2026-09-14 10:22:51 | INFO | Configured years : [2025, 2026, 2027]
2026-09-14 10:22:51 | INFO | Sheet            : NAVER_FOOD_KEYWORD_RAW
2026-09-14 10:22:51 | INFO | ========================================================================
2026-09-14 10:22:52 | INFO | [MANUAL] target=2025-09-17 | replace=False
2026-09-14 10:22:55 | INFO | [TARGET] 2025-09-17 -> NAVER_SEARCH_2025
2026-09-14 10:22:55 | INFO | [NAVER] 2025-09-17 TOP 500 수집
2026-09-14 10:23:09 | INFO | [SUCCESS] 2025-09-17 rows=500 | year=2025
2026-09-14 10:23:11 | INFO | ========================================================================
2026-09-14 10:23:11 | INFO | NAVER Food -> Yearly Google Sheets v0.4.0
2026-09-14 10:23:12 | INFO | Configured years : [2025, 2026, 2027]
2026-09-14 10:23:12 | INFO | Sheet            : NAVER_FOOD_KEYWORD_RAW
2026-09-14 10:23:12 | INFO | ========================================================================
2026-09-14 10:23:13 | INFO | [MANUAL] target=2025-09-18 | replace=False
2026-09-14 10:23:16 | INFO | [TARGET] 2025-09-18 -> NAVER_SEARCH_2025
2026-09-14 10:23:27 | INFO | [NAVER] 2025-09-18 TOP 500 수집
2026-09-14 10:23:40 | INFO | [SUCCESS] 2025-09-18 rows=500 | year=2025
2026-09-14 10:23:42 | INFO | ========================================================================
2026-09-14 10:23:42 | INFO | NAVER Food -> Yearly Google Sheets v0.4.0
2026-09-14 10:23:44 | INFO | Configured years : [2025, 2026, 2027]
2026-09-14 10:23:44 | INFO | Sheet            : NAVER_FOOD_KEYWORD_RAW
2026-09-14 10:23:44 | INFO | ========================================================================
2026-09-14 10:23:45 | INFO | [MANUAL] target=2025-09-19 | replace=False
2026-09-14 10:24:04 | INFO | [TARGET] 2025-09-19 -> NAVER_SEARCH_2025
2026-09-14 10:24:04 | INFO | [NAVER] 2025-09-19 TOP 500 수집
2026-09-14 10:24:17 | INFO | [SUCCESS] 2025-09-19 rows=500 | year=2025
2026-09-14 10:24:19 | INFO | ========================================================================
2026-09-14 10:24:19 | INFO | NAVER Food -> Yearly Google Sheets v0.4.0
2026-09-14 10:24:20 | INFO | Configured years : [2025, 2026, 2027]
2026-09-14 10:24:20 | INFO | Sheet            : NAVER_FOOD_KEYWORD_RAW
2026-09-14 10:24:20 | INFO | ========================================================================
2026-09-14 10:24:21 | INFO | [MANUAL] target=2025-09-20 | replace=False
2026-09-14 10:24:23 | INFO | [TARGET] 2025-09-20 -> NAVER_SEARCH_2025
2026-09-14 10:24:24 | INFO | [NAVER] 2025-09-20 TOP 500 수집
2026-09-14 10:24:37 | INFO | [SUCCESS] 2025-09-20 rows=500 | year=2025
2026-09-14 10:24:39 | INFO | ========================================================================
2026-09-14 10:24:39 | INFO | NAVER Food -> Yearly Google Sheets v0.4.0
2026-09-14 10:24:40 | INFO | Configured years : [2025, 2026, 2027]
2026-09-14 10:24:40 | INFO | Sheet            : NAVER_FOOD_KEYWORD_RAW
2026-09-14 10:24:40 | INFO | ========================================================================
2026-09-14 10:24:41 | INFO | [MANUAL] target=2025-09-21 | replace=False
2026-09-14 10:24:43 | INFO | [TARGET] 2025-09-21 -> NAVER_SEARCH_2025
2026-09-14 10:24:44 | INFO | [NAVER] 2025-09-21 TOP 500 수집
2026-09-14 10:24:58 | INFO | [SUCCESS] 2025-09-21 rows=500 | year=2025
2026-09-14 10:25:00 | INFO | ========================================================================
2026-09-14 10:25:00 | INFO | NAVER Food -> Yearly Google Sheets v0.4.0
2026-09-14 10:25:01 | INFO | Configured years : [2025, 2026, 2027]
2026-09-14 10:25:01 | INFO | Sheet            : NAVER_FOOD_KEYWORD_RAW
2026-09-14 10:25:01 | INFO | ========================================================================
2026-09-14 10:25:02 | INFO | [MANUAL] target=2025-09-22 | replace=False
2026-09-14 10:25:04 | INFO | [TARGET] 2025-09-22 -> NAVER_SEARCH_2025
2026-09-14 10:25:05 | INFO | [NAVER] 2025-09-22 TOP 500 수집
2026-09-14 10:25:18 | INFO | [SUCCESS] 2025-09-22 rows=500 | year=2025
2026-09-14 10:25:21 | INFO | ========================================================================
2026-09-14 10:25:21 | INFO | NAVER Food -> Yearly Google Sheets v0.4.0
2026-09-14 10:25:24 | INFO | Configured years : [2025, 2026, 2027]
2026-09-14 10:25:24 | INFO | Sheet            : NAVER_FOOD_KEYWORD_RAW
2026-09-14 10:25:24 | INFO | ========================================================================
2026-09-14 10:25:25 | INFO | [MANUAL] target=2025-09-23 | replace=False
2026-09-14 10:25:27 | INFO | [TARGET] 2025-09-23 -> NAVER_SEARCH_2025
2026-09-14 10:25:27 | INFO | [NAVER] 2025-09-23 TOP 500 수집
2026-09-14 10:25:42 | INFO | [SUCCESS] 2025-09-23 rows=500 | year=2025
2026-09-14 10:25:44 | INFO | ========================================================================
2026-09-14 10:25:44 | INFO | NAVER Food -> Yearly Google Sheets v0.4.0
2026-09-14 10:25:45 | INFO | Configured years : [2025, 2026, 2027]
2026-09-14 10:25:45 | INFO | Sheet            : NAVER_FOOD_KEYWORD_RAW
2026-09-14 10:25:45 | INFO | ========================================================================
2026-09-14 10:25:46 | INFO | [MANUAL] target=2025-09-24 | replace=False
2026-09-14 10:25:53 | INFO | [TARGET] 2025-09-24 -> NAVER_SEARCH_2025
2026-09-14 10:25:54 | INFO | [NAVER] 2025-09-24 TOP 500 수집
2026-09-14 10:26:08 | INFO | [SUCCESS] 2025-09-24 rows=500 | year=2025
2026-09-14 10:26:10 | INFO | ========================================================================
2026-09-14 10:26:10 | INFO | NAVER Food -> Yearly Google Sheets v0.4.0
2026-09-14 10:26:11 | INFO | Configured years : [2025, 2026, 2027]
2026-09-14 10:26:11 | INFO | Sheet            : NAVER_FOOD_KEYWORD_RAW
2026-09-14 10:26:11 | INFO | ========================================================================
2026-09-14 10:26:11 | INFO | [MANUAL] target=2025-09-25 | replace=False
2026-09-14 10:26:14 | INFO | [TARGET] 2025-09-25 -> NAVER_SEARCH_2025
2026-09-14 10:26:15 | INFO | [NAVER] 2025-09-25 TOP 500 수집
2026-09-14 10:26:31 | INFO | [SUCCESS] 2025-09-25 rows=500 | year=2025
2026-09-14 10:26:33 | INFO | ========================================================================
2026-09-14 10:26:33 | INFO | NAVER Food -> Yearly Google Sheets v0.4.0
2026-09-14 10:26:34 | INFO | Configured years : [2025, 2026, 2027]
2026-09-14 10:26:34 | INFO | Sheet            : NAVER_FOOD_KEYWORD_RAW
2026-09-14 10:26:34 | INFO | ========================================================================
2026-09-14 10:26:36 | INFO | [MANUAL] target=2025-09-26 | replace=False
2026-09-14 10:26:38 | INFO | [TARGET] 2025-09-26 -> NAVER_SEARCH_2025
2026-09-14 10:26:38 | INFO | [NAVER] 2025-09-26 TOP 500 수집
2026-09-14 10:26:52 | INFO | [SUCCESS] 2025-09-26 rows=500 | year=2025
2026-09-14 10:26:56 | INFO | ========================================================================
2026-09-14 10:26:56 | INFO | NAVER Food -> Yearly Google Sheets v0.4.0
2026-09-14 10:26:59 | INFO | Configured years : [2025, 2026, 2027]
2026-09-14 10:26:59 | INFO | Sheet            : NAVER_FOOD_KEYWORD_RAW
2026-09-14 10:26:59 | INFO | ========================================================================
2026-09-14 10:27:01 | INFO | [MANUAL] target=2025-09-27 | replace=False
2026-09-14 10:27:04 | INFO | [TARGET] 2025-09-27 -> NAVER_SEARCH_2025
2026-09-14 10:27:05 | INFO | [NAVER] 2025-09-27 TOP 500 수집
2026-09-14 10:27:19 | INFO | [SUCCESS] 2025-09-27 rows=500 | year=2025
2026-09-14 10:27:21 | INFO | ========================================================================
2026-09-14 10:27:21 | INFO | NAVER Food -> Yearly Google Sheets v0.4.0
2026-09-14 10:27:23 | INFO | Configured years : [2025, 2026, 2027]
2026-09-14 10:27:23 | INFO | Sheet            : NAVER_FOOD_KEYWORD_RAW
2026-09-14 10:27:23 | INFO | ========================================================================
2026-09-14 10:27:24 | INFO | [MANUAL] target=2025-09-28 | replace=False
2026-09-14 10:27:27 | INFO | [TARGET] 2025-09-28 -> NAVER_SEARCH_2025
2026-09-14 10:27:27 | INFO | [NAVER] 2025-09-28 TOP 500 수집
2026-09-14 10:27:41 | INFO | [SUCCESS] 2025-09-28 rows=500 | year=2025
2026-09-14 10:27:43 | INFO | ========================================================================
2026-09-14 10:27:43 | INFO | NAVER Food -> Yearly Google Sheets v0.4.0
2026-09-14 10:27:44 | INFO | Configured years : [2025, 2026, 2027]
2026-09-14 10:27:44 | INFO | Sheet            : NAVER_FOOD_KEYWORD_RAW
2026-09-14 10:27:44 | INFO | ========================================================================
2026-09-14 10:27:45 | INFO | [MANUAL] target=2025-09-29 | replace=False
2026-09-14 10:27:47 | INFO | [TARGET] 2025-09-29 -> NAVER_SEARCH_2025
2026-09-14 10:27:48 | INFO | [NAVER] 2025-09-29 TOP 500 수집
2026-09-14 10:28:02 | INFO | [SUCCESS] 2025-09-29 rows=500 | year=2025
2026-09-14 10:28:04 | INFO | ========================================================================
2026-09-14 10:28:04 | INFO | NAVER Food -> Yearly Google Sheets v0.4.0
2026-09-14 10:28:06 | INFO | Configured years : [2025, 2026, 2027]
2026-09-14 10:28:06 | INFO | Sheet            : NAVER_FOOD_KEYWORD_RAW
2026-09-14 10:28:06 | INFO | ========================================================================
2026-09-14 10:28:07 | INFO | [MANUAL] target=2025-09-30 | replace=False
2026-09-14 10:28:10 | INFO | [TARGET] 2025-09-30 -> NAVER_SEARCH_2025
2026-09-14 10:28:10 | INFO | [NAVER] 2025-09-30 TOP 500 수집
2026-09-14 10:28:23 | INFO | [SUCCESS] 2025-09-30 rows=500 | year=2025
2026-09-14 10:59:57 | INFO | ========================================================================
2026-09-14 10:59:57 | INFO | NAVER Food Scope Pipeline v0.5.0
2026-09-14 10:59:58 | INFO | Configured years : [2025, 2026, 2027]
2026-09-14 10:59:58 | INFO | Scopes           : ['식품 전체', '냉동/간편조리식품', '밀키트', '즉석밥/즉석국']
2026-09-14 10:59:58 | INFO | Sheet            : NAVER_FOOD_KEYWORD_RAW
2026-09-14 10:59:58 | INFO | ========================================================================
2026-09-14 11:00:04 | INFO | [AUTO] latest=2026-09-12 has missing scopes -> same date부터 세부분류 보충
2026-09-14 11:00:04 | INFO | [CATCH-UP] 2일 적재 예정: 2026-09-12, 2026-09-13
2026-09-14 11:00:04 | INFO | [DATE 1/2] 2026-09-12 시작
2026-09-14 11:00:05 | INFO | [SHEETS] header created/updated to 8 columns
2026-09-14 11:00:07 | INFO | [TARGET] 2026-09-12 -> NAVER_SEARCH_2026
2026-09-14 11:00:07 | INFO | [SCOPE 1/4] 식품 전체
2026-09-14 11:00:08 | INFO | [SKIP] 2026-09-12 | 식품 전체 already exists rows=500
2026-09-14 11:00:08 | INFO | [SCOPE 2/4] 냉동/간편조리식품
2026-09-14 11:00:08 | INFO | [NAVER] 2026-09-12 | 냉동/간편조리식품 TOP 500 수집
2026-09-14 11:00:20 | INFO | [SUCCESS] 2026-09-12 | 냉동/간편조리식품 rows=500
2026-09-14 11:00:20 | INFO | [SCOPE 3/4] 밀키트
2026-09-14 11:00:21 | INFO | [NAVER] 2026-09-12 | 밀키트 TOP 500 수집
2026-09-14 11:00:34 | INFO | [SUCCESS] 2026-09-12 | 밀키트 rows=500
2026-09-14 11:00:34 | INFO | [SCOPE 4/4] 즉석밥/즉석국
2026-09-14 11:00:35 | INFO | [NAVER] 2026-09-12 | 즉석밥/즉석국 TOP 500 수집
2026-09-14 11:00:47 | INFO | [SUCCESS] 2026-09-12 | 즉석밥/즉석국 rows=500
2026-09-14 11:00:47 | INFO | [DATE COMPLETE] 2026-09-12 | success_scopes=3 | skip_scopes=1
2026-09-14 11:00:47 | INFO | [DATE 2/2] 2026-09-13 시작
2026-09-14 11:00:48 | INFO | [TARGET] 2026-09-13 -> NAVER_SEARCH_2026
2026-09-14 11:00:48 | INFO | [SCOPE 1/4] 식품 전체
2026-09-14 11:00:49 | INFO | [NAVER] 2026-09-13 | 식품 전체 TOP 500 수집
2026-09-14 11:01:02 | INFO | [SUCCESS] 2026-09-13 | 식품 전체 rows=500
2026-09-14 11:01:02 | INFO | [SCOPE 2/4] 냉동/간편조리식품
2026-09-14 11:01:03 | INFO | [NAVER] 2026-09-13 | 냉동/간편조리식품 TOP 500 수집
2026-09-14 11:01:16 | INFO | [SUCCESS] 2026-09-13 | 냉동/간편조리식품 rows=500
2026-09-14 11:01:16 | INFO | [SCOPE 3/4] 밀키트
2026-09-14 11:01:16 | INFO | [NAVER] 2026-09-13 | 밀키트 TOP 500 수집
2026-09-14 11:01:28 | INFO | [SUCCESS] 2026-09-13 | 밀키트 rows=500
2026-09-14 11:01:28 | INFO | [SCOPE 4/4] 즉석밥/즉석국
2026-09-14 11:01:29 | INFO | [NAVER] 2026-09-13 | 즉석밥/즉석국 TOP 500 수집
2026-09-14 11:01:40 | INFO | [SUCCESS] 2026-09-13 | 즉석밥/즉석국 rows=500
2026-09-14 11:01:40 | INFO | [DATE COMPLETE] 2026-09-13 | success_scopes=4 | skip_scopes=0
2026-09-14 11:01:40 | INFO | [CATCH-UP COMPLETE] dates=2
